Archive member included to satisfy reference by file (symbol)

c:/ac6/systemworkbench/plugins/fr.ac6.mcu.externaltools.arm-none.win32_1.17.0.201812190825/tools/compiler/bin/../lib/gcc/arm-none-eabi/7.3.1/thumb/v7e-m/fpv4-sp/hard\libgcc.a(_aeabi_uldivmod.o)
                              Drivers/STM32F4xx_HAL_Driver/Src/stm32f4xx_hal_rcc.o (__aeabi_uldivmod)
c:/ac6/systemworkbench/plugins/fr.ac6.mcu.externaltools.arm-none.win32_1.17.0.201812190825/tools/compiler/bin/../lib/gcc/arm-none-eabi/7.3.1/thumb/v7e-m/fpv4-sp/hard\libgcc.a(_udivmoddi4.o)
                              c:/ac6/systemworkbench/plugins/fr.ac6.mcu.externaltools.arm-none.win32_1.17.0.201812190825/tools/compiler/bin/../lib/gcc/arm-none-eabi/7.3.1/thumb/v7e-m/fpv4-sp/hard\libgcc.a(_aeabi_uldivmod.o) (__udivmoddi4)
c:/ac6/systemworkbench/plugins/fr.ac6.mcu.externaltools.arm-none.win32_1.17.0.201812190825/tools/compiler/bin/../lib/gcc/arm-none-eabi/7.3.1/thumb/v7e-m/fpv4-sp/hard\libgcc.a(_dvmd_tls.o)
                              c:/ac6/systemworkbench/plugins/fr.ac6.mcu.externaltools.arm-none.win32_1.17.0.201812190825/tools/compiler/bin/../lib/gcc/arm-none-eabi/7.3.1/thumb/v7e-m/fpv4-sp/hard\libgcc.a(_aeabi_uldivmod.o) (__aeabi_ldiv0)
c:/ac6/systemworkbench/plugins/fr.ac6.mcu.externaltools.arm-none.win32_1.17.0.201812190825/tools/compiler/bin/../lib/gcc/arm-none-eabi/7.3.1/../../../../arm-none-eabi/lib/thumb/v7e-m/fpv4-sp/hard\libc_nano.a(lib_a-errno.o)
                              Core/Src/syscalls.o (__errno)
c:/ac6/systemworkbench/plugins/fr.ac6.mcu.externaltools.arm-none.win32_1.17.0.201812190825/tools/compiler/bin/../lib/gcc/arm-none-eabi/7.3.1/../../../../arm-none-eabi/lib/thumb/v7e-m/fpv4-sp/hard\libc_nano.a(lib_a-exit.o)
                              c:/ac6/systemworkbench/plugins/fr.ac6.mcu.externaltools.arm-none.win32_1.17.0.201812190825/tools/compiler/bin/../lib/gcc/arm-none-eabi/7.3.1/../../../../arm-none-eabi/lib/thumb/v7e-m/fpv4-sp/hard/crt0.o (exit)
c:/ac6/systemworkbench/plugins/fr.ac6.mcu.externaltools.arm-none.win32_1.17.0.201812190825/tools/compiler/bin/../lib/gcc/arm-none-eabi/7.3.1/../../../../arm-none-eabi/lib/thumb/v7e-m/fpv4-sp/hard\libc_nano.a(lib_a-impure.o)
                              c:/ac6/systemworkbench/plugins/fr.ac6.mcu.externaltools.arm-none.win32_1.17.0.201812190825/tools/compiler/bin/../lib/gcc/arm-none-eabi/7.3.1/../../../../arm-none-eabi/lib/thumb/v7e-m/fpv4-sp/hard\libc_nano.a(lib_a-exit.o) (_global_impure_ptr)
c:/ac6/systemworkbench/plugins/fr.ac6.mcu.externaltools.arm-none.win32_1.17.0.201812190825/tools/compiler/bin/../lib/gcc/arm-none-eabi/7.3.1/../../../../arm-none-eabi/lib/thumb/v7e-m/fpv4-sp/hard\libc_nano.a(lib_a-init.o)
                              c:/ac6/systemworkbench/plugins/fr.ac6.mcu.externaltools.arm-none.win32_1.17.0.201812190825/tools/compiler/bin/../lib/gcc/arm-none-eabi/7.3.1/../../../../arm-none-eabi/lib/thumb/v7e-m/fpv4-sp/hard/crt0.o (__libc_init_array)
c:/ac6/systemworkbench/plugins/fr.ac6.mcu.externaltools.arm-none.win32_1.17.0.201812190825/tools/compiler/bin/../lib/gcc/arm-none-eabi/7.3.1/../../../../arm-none-eabi/lib/thumb/v7e-m/fpv4-sp/hard\libc_nano.a(lib_a-memset.o)
                              c:/ac6/systemworkbench/plugins/fr.ac6.mcu.externaltools.arm-none.win32_1.17.0.201812190825/tools/compiler/bin/../lib/gcc/arm-none-eabi/7.3.1/../../../../arm-none-eabi/lib/thumb/v7e-m/fpv4-sp/hard/crt0.o (memset)

Allocating common symbols
Common symbol       size              file

Ymin                0x4               Core/Src/st7735.o
uwTick              0x4               Drivers/STM32F4xx_HAL_Driver/Src/stm32f4xx_hal.o
pFlash              0x20              Drivers/STM32F4xx_HAL_Driver/Src/stm32f4xx_hal_flash.o
Ymax                0x4               Core/Src/st7735.o
TimeIndex           0x4               Core/Src/st7735.o
hspi1               0x58              Core/Src/spi.o
Yrange              0x4               Core/Src/st7735.o
PlotBGColor         0x2               Core/Src/st7735.o
X                   0x4               Core/Src/st7735.o

Discarded input sections

 .text          0x00000000        0x0 c:/ac6/systemworkbench/plugins/fr.ac6.mcu.externaltools.arm-none.win32_1.17.0.201812190825/tools/compiler/bin/../lib/gcc/arm-none-eabi/7.3.1/thumb/v7e-m/fpv4-sp/hard/crti.o
 .data          0x00000000        0x0 c:/ac6/systemworkbench/plugins/fr.ac6.mcu.externaltools.arm-none.win32_1.17.0.201812190825/tools/compiler/bin/../lib/gcc/arm-none-eabi/7.3.1/thumb/v7e-m/fpv4-sp/hard/crti.o
 .bss           0x00000000        0x0 c:/ac6/systemworkbench/plugins/fr.ac6.mcu.externaltools.arm-none.win32_1.17.0.201812190825/tools/compiler/bin/../lib/gcc/arm-none-eabi/7.3.1/thumb/v7e-m/fpv4-sp/hard/crti.o
 .data          0x00000000        0x4 c:/ac6/systemworkbench/plugins/fr.ac6.mcu.externaltools.arm-none.win32_1.17.0.201812190825/tools/compiler/bin/../lib/gcc/arm-none-eabi/7.3.1/thumb/v7e-m/fpv4-sp/hard/crtbegin.o
[...]
Memory Configuration

Name             Origin             Length             Attributes
RAM              0x20000000         0x00020000         xrw
FLASH            0x08000000         0x00080000         xr
*default*        0x00000000         0xffffffff

Linker script and memory map

LOAD c:/ac6/systemworkbench/plugins/fr.ac6.mcu.externaltools.arm-none.win32_1.17.0.201812190825/tools/compiler/bin/../lib/gcc/arm-none-eabi/7.3.1/thumb/v7e-m/fpv4-sp/hard/crti.o
LOAD c:/ac6/systemworkbench/plugins/fr.ac6.mcu.externaltools.arm-none.win32_1.17.0.201812190825/tools/compiler/bin/../lib/gcc/arm-none-eabi/7.3.1/thumb/v7e-m/fpv4-sp/hard/crtbegin.o
LOAD c:/ac6/systemworkbench/plugins/fr.ac6.mcu.externaltools.arm-none.win32_1.17.0.201812190825/tools/compiler/bin/../lib/gcc/arm-none-eabi/7.3.1/../../../../arm-none-eabi/lib/thumb/v7e-m/fpv4-sp/hard/crt0.o
LOAD Core/Src/fonts.o
LOAD Core/Src/gpio.o
LOAD Core/Src/main.o
LOAD Core/Src/spi.o
LOAD Core/Src/st7735.o
LOAD Core/Src/stm32f4xx_hal_msp.o
LOAD Core/Src/stm32f4xx_it.o
LOAD Core/Src/syscalls.o
LOAD Core/Src/system_stm32f4xx.o
LOAD Drivers/STM32F4xx_HAL_Driver/Src/stm32f4xx_hal.o
LOAD Drivers/STM32F4xx_HAL_Driver/Src/stm32f4xx_hal_cortex.o
LOAD Drivers/STM32F4xx_HAL_Driver/Src/stm32f4xx_hal_dma.o
LOAD Drivers/STM32F4xx_HAL_Driver/Src/stm32f4xx_hal_dma_ex.o
LOAD Drivers/STM32F4xx_HAL_Driver/Src/stm32f4xx_hal_exti.o
LOAD Drivers/STM32F4xx_HAL_Driver/Src/stm32f4xx_hal_flash.o
LOAD Drivers/STM32F4xx_HAL_Driver/Src/stm32f4xx_hal_flash_ex.o
LOAD Drivers/STM32F4xx_HAL_Driver/Src/stm32f4xx_hal_flash_ramfunc.o
LOAD Drivers/STM32F4xx_HAL_Driver/Src/stm32f4xx_hal_gpio.o
LOAD Drivers/STM32F4xx_HAL_Driver/Src/stm32f4xx_hal_pwr.o
LOAD Drivers/STM32F4xx_HAL_Driver/Src/stm32f4xx_hal_pwr_ex.o
LOAD Drivers/STM32F4xx_HAL_Driver/Src/stm32f4xx_hal_rcc.o
LOAD Drivers/STM32F4xx_HAL_Driver/Src/stm32f4xx_hal_rcc_ex.o
LOAD Drivers/STM32F4xx_HAL_Driver/Src/stm32f4xx_hal_spi.o
LOAD Drivers/STM32F4xx_HAL_Driver/Src/stm32f4xx_hal_tim.o
LOAD Drivers/STM32F4xx_HAL_Driver/Src/stm32f4xx_hal_tim_ex.o
LOAD startup/startup_stm32f411xe.o
LOAD c:/ac6/systemworkbench/plugins/fr.ac6.mcu.externaltools.arm-none.win32_1.17.0.201812190825/tools/compiler/bin/../lib/gcc/arm-none-eabi/7.3.1/../../../../arm-none-eabi/lib/thumb/v7e-m/fpv4-sp/hard\libm.a
START GROUP
LOAD c:/ac6/systemworkbench/plugins/fr.ac6.mcu.externaltools.arm-none.win32_1.17.0.201812190825/tools/compiler/bin/../lib/gcc/arm-none-eabi/7.3.1/thumb/v7e-m/fpv4-sp/hard\libgcc.a
LOAD c:/ac6/systemworkbench/plugins/fr.ac6.mcu.externaltools.arm-none.win32_1.17.0.201812190825/tools/compiler/bin/../lib/gcc/arm-none-eabi/7.3.1/../../../../arm-none-eabi/lib/thumb/v7e-m/fpv4-sp/hard\libc_nano.a
END GROUP
START GROUP
LOAD c:/ac6/systemworkbench/plugins/fr.ac6.mcu.externaltools.arm-none.win32_1.17.0.201812190825/tools/compiler/bin/../lib/gcc/arm-none-eabi/7.3.1/thumb/v7e-m/fpv4-sp/hard\libgcc.a
LOAD c:/ac6/systemworkbench/plugins/fr.ac6.mcu.externaltools.arm-none.win32_1.17.0.201812190825/tools/compiler/bin/../lib/gcc/arm-none-eabi/7.3.1/../../../../arm-none-eabi/lib/thumb/v7e-m/fpv4-sp/hard\libc_nano.a
LOAD c:/ac6/systemworkbench/plugins/fr.ac6.mcu.externaltools.arm-none.win32_1.17.0.201812190825/tools/compiler/bin/../lib/gcc/arm-none-eabi/7.3.1/../../../../arm-none-eabi/lib/thumb/v7e-m/fpv4-sp/hard\libnosys.a
END GROUP
START GROUP
LOAD c:/ac6/systemworkbench/plugins/fr.ac6.mcu.externaltools.arm-none.win32_1.17.0.201812190825/tools/compiler/bin/../lib/gcc/arm-none-eabi/7.3.1/thumb/v7e-m/fpv4-sp/hard\libgcc.a
LOAD c:/ac6/systemworkbench/plugins/fr.ac6.mcu.externaltools.arm-none.win32_1.17.0.201812190825/tools/compiler/bin/../lib/gcc/arm-none-eabi/7.3.1/../../../../arm-none-eabi/lib/thumb/v7e-m/fpv4-sp/hard\libc_nano.a
LOAD c:/ac6/systemworkbench/plugins/fr.ac6.mcu.externaltools.arm-none.win32_1.17.0.201812190825/tools/compiler/bin/../lib/gcc/arm-none-eabi/7.3.1/../../../../arm-none-eabi/lib/thumb/v7e-m/fpv4-sp/hard\libnosys.a
END GROUP
LOAD c:/ac6/systemworkbench/plugins/fr.ac6.mcu.externaltools.arm-none.win32_1.17.0.201812190825/tools/compiler/bin/../lib/gcc/arm-none-eabi/7.3.1/thumb/v7e-m/fpv4-sp/hard/crtend.o
LOAD c:/ac6/systemworkbench/plugins/fr.ac6.mcu.externaltools.arm-none.win32_1.17.0.201812190825/tools/compiler/bin/../lib/gcc/arm-none-eabi/7.3.1/thumb/v7e-m/fpv4-sp/hard/crtn.o
                0x20020000                _estack = (ORIGIN (RAM) + LENGTH (RAM))
                0x00000200                _Min_Heap_Size = 0x200
                0x00000400                _Min_Stack_Size = 0x400

.isr_vector     0x08000000      0x198
                0x08000000                . = ALIGN (0x4)
 *(.isr_vector)
 .isr_vector    0x08000000      0x198 startup/startup_stm32f411xe.o
                0x08000000                g_pfnVectors
                0x08000198                . = ALIGN (0x4)

.text           0x08000198     0x18b4
                0x08000198                . = ALIGN (0x4)
 *(.text)
 .text          0x08000198       0x40 c:/ac6/systemworkbench/plugins/fr.ac6.mcu.externaltools.arm-none.win32_1.17.0.201812190825/tools/compiler/bin/../lib/gcc/arm-none-eabi/7.3.1/thumb/v7e-m/fpv4-sp/hard/crtbegin.o
 .text          0x080001d8       0x30 c:/ac6/systemworkbench/plugins/fr.ac6.mcu.externaltools.arm-none.win32_1.17.0.201812190825/tools/compiler/bin/../lib/gcc/arm-none-eabi/7.3.1/thumb/v7e-m/fpv4-sp/hard\libgcc.a(_aeabi_uldivmod.o)
                0x080001d8                __aeabi_uldivmod
 .text          0x08000208      0x2cc c:/ac6/systemworkbench/plugins/fr.ac6.mcu.externaltools.arm-none.win32_1.17.0.201812190825/tools/compiler/bin/../lib/gcc/arm-none-eabi/7.3.1/thumb/v7e-m/fpv4-sp/hard\libgcc.a(_udivmoddi4.o)
                0x08000208                __udivmoddi4
 .text          0x080004d4        0x4 c:/ac6/systemworkbench/plugins/fr.ac6.mcu.externaltools.arm-none.win32_1.17.0.201812190825/tools/compiler/bin/../lib/gcc/arm-none-eabi/7.3.1/thumb/v7e-m/fpv4-sp/hard\libgcc.a(_dvmd_tls.o)
                0x080004d4                __aeabi_idiv0
                0x080004d4                __aeabi_ldiv0
 *(.text*)
 .text.MX_GPIO_Init
                0x080004d8       0x58 Core/Src/gpio.o
                0x080004d8                MX_GPIO_Init
 .text.Error_Handler
                0x08000530        0x4 Core/Src/main.o
                0x08000530                Error_Handler
 .text.SystemClock_Config
                0x08000534       0x8c Core/Src/main.o
                0x08000534                SystemClock_Config
 .text.main     0x080005c0       0x40 Core/Src/main.o
                0x080005c0                main
 .text.MX_SPI1_Init
                0x08000600       0x44 Core/Src/spi.o
                0x08000600                MX_SPI1_Init
 .text.HAL_SPI_MspInit
                0x08000644       0x70 Core/Src/spi.o
                0x08000644                HAL_SPI_MspInit
 .text.lcd7735_senddata
                0x080006b4       0x20 Core/Src/st7735.o
                0x080006b4                lcd7735_senddata
 .text.lcd7735_sendCmd
                0x080006d4       0x1c Core/Src/st7735.o
                0x080006d4                lcd7735_sendCmd
 .text.lcd7735_sendData
                0x080006f0       0x1c Core/Src/st7735.o
                0x080006f0                lcd7735_sendData
 .text.ST7735_Init_Command1
                0x0800070c      0x108 Core/Src/st7735.o
                0x0800070c                ST7735_Init_Command1
 .text.ST7735_Init_Command2
                0x08000814       0x40 Core/Src/st7735.o
                0x08000814                ST7735_Init_Command2
 .text.ST7735_Init_Command3
                0x08000854       0xe8 Core/Src/st7735.o
                0x08000854                ST7735_Init_Command3
 .text.ST7735_Init
                0x0800093c       0x4c Core/Src/st7735.o
                0x0800093c                ST7735_Init
 .text.ST7735_SetAddressWindow
                0x08000988       0x52 Core/Src/st7735.o
 *fill*         0x080009da        0x2 
 .text.ST7735_DrawPixel
                0x080009dc       0x50 Core/Src/st7735.o
                0x080009dc                ST7735_DrawPixel
 .text.ST7735_FillRectangle
                0x08000a2c       0xa0 Core/Src/st7735.o
                0x08000a2c                ST7735_FillRectangle
 .text.ST7735_DrawCharS
                0x08000acc       0xe0 Core/Src/st7735.o
                0x08000acc                ST7735_DrawCharS
 .text.ST7735_DrawString
                0x08000bac       0x4e Core/Src/st7735.o
                0x08000bac                ST7735_DrawString
 .text.ST7735_FillScreen
                0x08000bfa       0x18 Core/Src/st7735.o
                0x08000bfa                ST7735_FillScreen
 *fill*         0x08000c12        0x2 
 .text.HAL_MspInit
                0x08000c14       0x40 Core/Src/stm32f4xx_hal_msp.o
                0x08000c14                HAL_MspInit
 .text.NMI_Handler
                0x08000c54        0x2 Core/Src/stm32f4xx_it.o
                0x08000c54                NMI_Handler
 .text.HardFault_Handler
                0x08000c56        0x2 Core/Src/stm32f4xx_it.o
                0x08000c56                HardFault_Handler
 .text.MemManage_Handler
                0x08000c58        0x2 Core/Src/stm32f4xx_it.o
                0x08000c58                MemManage_Handler
 .text.BusFault_Handler
                0x08000c5a        0x2 Core/Src/stm32f4xx_it.o
                0x08000c5a                BusFault_Handler
 .text.UsageFault_Handler
                0x08000c5c        0x2 Core/Src/stm32f4xx_it.o
                0x08000c5c                UsageFault_Handler
 .text.SVC_Handler
                0x08000c5e        0x2 Core/Src/stm32f4xx_it.o
                0x08000c5e                SVC_Handler
 .text.DebugMon_Handler
                0x08000c60        0x2 Core/Src/stm32f4xx_it.o
                0x08000c60                DebugMon_Handler
 .text.PendSV_Handler
                0x08000c62        0x2 Core/Src/stm32f4xx_it.o
                0x08000c62                PendSV_Handler
 .text.SysTick_Handler
                0x08000c64        0x8 Core/Src/stm32f4xx_it.o
                0x08000c64                SysTick_Handler
 .text.SystemInit
                0x08000c6c       0x14 Core/Src/system_stm32f4xx.o
                0x08000c6c                SystemInit
 .text.HAL_InitTick
                0x08000c80       0x48 Drivers/STM32F4xx_HAL_Driver/Src/stm32f4xx_hal.o
                0x08000c80                HAL_InitTick
 .text.HAL_Init
                0x08000cc8       0x34 Drivers/STM32F4xx_HAL_Driver/Src/stm32f4xx_hal.o
                0x08000cc8                HAL_Init
 .text.HAL_IncTick
                0x08000cfc       0x18 Drivers/STM32F4xx_HAL_Driver/Src/stm32f4xx_hal.o
                0x08000cfc                HAL_IncTick
 .text.HAL_GetTick
                0x08000d14        0xc Drivers/STM32F4xx_HAL_Driver/Src/stm32f4xx_hal.o
                0x08000d14                HAL_GetTick
 .text.HAL_Delay
                0x08000d20       0x28 Drivers/STM32F4xx_HAL_Driver/Src/stm32f4xx_hal.o
                0x08000d20                HAL_Delay
 .text.HAL_NVIC_SetPriorityGrouping
                0x08000d48       0x24 Drivers/STM32F4xx_HAL_Driver/Src/stm32f4xx_hal_cortex.o
                0x08000d48                HAL_NVIC_SetPriorityGrouping
 .text.HAL_NVIC_SetPriority
                0x08000d6c       0x68 Drivers/STM32F4xx_HAL_Driver/Src/stm32f4xx_hal_cortex.o
                0x08000d6c                HAL_NVIC_SetPriority
 .text.HAL_SYSTICK_Config
                0x08000dd4       0x2c Drivers/STM32F4xx_HAL_Driver/Src/stm32f4xx_hal_cortex.o
                0x08000dd4                HAL_SYSTICK_Config
 .text.HAL_GPIO_Init
                0x08000e00      0x1b0 Drivers/STM32F4xx_HAL_Driver/Src/stm32f4xx_hal_gpio.o
                0x08000e00                HAL_GPIO_Init
 .text.HAL_GPIO_WritePin
                0x08000fb0        0xc Drivers/STM32F4xx_HAL_Driver/Src/stm32f4xx_hal_gpio.o
                0x08000fb0                HAL_GPIO_WritePin
 .text.HAL_RCC_OscConfig
                0x08000fbc      0x3f8 Drivers/STM32F4xx_HAL_Driver/Src/stm32f4xx_hal_rcc.o
                0x08000fbc                HAL_RCC_OscConfig
 .text.HAL_RCC_GetSysClockFreq
                0x080013b4       0xd8 Drivers/STM32F4xx_HAL_Driver/Src/stm32f4xx_hal_rcc.o
                0x080013b4                HAL_RCC_GetSysClockFreq
 .text.HAL_RCC_ClockConfig
                0x0800148c      0x160 Drivers/STM32F4xx_HAL_Driver/Src/stm32f4xx_hal_rcc.o
                0x0800148c                HAL_RCC_ClockConfig
 .text.SPI_WaitFlagStateUntilTimeout
                0x080015ec       0xd0 Drivers/STM32F4xx_HAL_Driver/Src/stm32f4xx_hal_spi.o
 .text.SPI_EndRxTxTransaction
                0x080016bc       0x68 Drivers/STM32F4xx_HAL_Driver/Src/stm32f4xx_hal_spi.o
 .text.HAL_SPI_Init
                0x08001724       0xbe Drivers/STM32F4xx_HAL_Driver/Src/stm32f4xx_hal_spi.o
                0x08001724                HAL_SPI_Init
 .text.HAL_SPI_Transmit
                0x080017e2      0x1a4 Drivers/STM32F4xx_HAL_Driver/Src/stm32f4xx_hal_spi.o
                0x080017e2                HAL_SPI_Transmit
 *fill*         0x08001986        0x2 
 .text.Reset_Handler
                0x08001988       0x50 startup/startup_stm32f411xe.o
                0x08001988                Reset_Handler
 .text.Default_Handler
                0x080019d8        0x2 startup/startup_stm32f411xe.o
                0x080019d8                RTC_Alarm_IRQHandler
                0x080019d8                EXTI2_IRQHandler
                0x080019d8                SPI4_IRQHandler
                0x080019d8                TIM1_CC_IRQHandler
                0x080019d8                DMA2_Stream5_IRQHandler
                0x080019d8                DMA1_Stream5_IRQHandler
                0x080019d8                PVD_IRQHandler
                0x080019d8                SDIO_IRQHandler
                0x080019d8                TAMP_STAMP_IRQHandler
                0x080019d8                EXTI3_IRQHandler
                0x080019d8                TIM1_UP_TIM10_IRQHandler
                0x080019d8                I2C3_ER_IRQHandler
                0x080019d8                EXTI0_IRQHandler
                0x080019d8                I2C2_EV_IRQHandler
                0x080019d8                DMA1_Stream2_IRQHandler
                0x080019d8                FPU_IRQHandler
                0x080019d8                DMA2_Stream2_IRQHandler
                0x080019d8                SPI1_IRQHandler
                0x080019d8                TIM1_BRK_TIM9_IRQHandler
                0x080019d8                DMA2_Stream3_IRQHandler
                0x080019d8                USART6_IRQHandler
                0x080019d8                DMA2_Stream0_IRQHandler
                0x080019d8                TIM4_IRQHandler
                0x080019d8                I2C1_EV_IRQHandler
                0x080019d8                DMA1_Stream6_IRQHandler
                0x080019d8                DMA1_Stream1_IRQHandler
                0x080019d8                TIM3_IRQHandler
                0x080019d8                RCC_IRQHandler
                0x080019d8                Default_Handler
                0x080019d8                EXTI15_10_IRQHandler
                0x080019d8                ADC_IRQHandler
                0x080019d8                DMA1_Stream7_IRQHandler
                0x080019d8                SPI5_IRQHandler
                0x080019d8                TIM5_IRQHandler
                0x080019d8                DMA2_Stream7_IRQHandler
                0x080019d8                I2C3_EV_IRQHandler
                0x080019d8                EXTI9_5_IRQHandler
                0x080019d8                RTC_WKUP_IRQHandler
                0x080019d8                SPI2_IRQHandler
                0x080019d8                DMA1_Stream0_IRQHandler
                0x080019d8                EXTI4_IRQHandler
                0x080019d8                WWDG_IRQHandler
                0x080019d8                TIM2_IRQHandler
                0x080019d8                OTG_FS_WKUP_IRQHandler
                0x080019d8                TIM1_TRG_COM_TIM11_IRQHandler
                0x080019d8                EXTI1_IRQHandler
                0x080019d8                USART2_IRQHandler
                0x080019d8                I2C2_ER_IRQHandler
                0x080019d8                DMA2_Stream1_IRQHandler
                0x080019d8                FLASH_IRQHandler
                0x080019d8                DMA2_Stream4_IRQHandler
                0x080019d8                USART1_IRQHandler
                0x080019d8                OTG_FS_IRQHandler
                0x080019d8                SPI3_IRQHandler
                0x080019d8                DMA1_Stream4_IRQHandler
                0x080019d8                I2C1_ER_IRQHandler
                0x080019d8                DMA2_Stream6_IRQHandler
                0x080019d8                DMA1_Stream3_IRQHandler
 *fill*         0x080019da        0x2 
 .text.__libc_init_array
                0x080019dc       0x48 c:/ac6/systemworkbench/plugins/fr.ac6.mcu.externaltools.arm-none.win32_1.17.0.201812190825/tools/compiler/bin/../lib/gcc/arm-none-eabi/7.3.1/../../../../arm-none-eabi/lib/thumb/v7e-m/fpv4-sp/hard\libc_nano.a(lib_a-init.o)
                0x080019dc                __libc_init_array
 .text.memset   0x08001a24       0x10 c:/ac6/systemworkbench/plugins/fr.ac6.mcu.externaltools.arm-none.win32_1.17.0.201812190825/tools/compiler/bin/../lib/gcc/arm-none-eabi/7.3.1/../../../../arm-none-eabi/lib/thumb/v7e-m/fpv4-sp/hard\libc_nano.a(lib_a-memset.o)
                0x08001a24                memset
 *(.glue_7)
 .glue_7        0x08001a34        0x0 linker stubs
 *(.glue_7t)
 .glue_7t       0x08001a34        0x0 linker stubs
 *(.eh_frame)
 .eh_frame      0x08001a34        0x0 c:/ac6/systemworkbench/plugins/fr.ac6.mcu.externaltools.arm-none.win32_1.17.0.201812190825/tools/compiler/bin/../lib/gcc/arm-none-eabi/7.3.1/thumb/v7e-m/fpv4-sp/hard/crtbegin.o
 *(.init)
 .init          0x08001a34        0x4 c:/ac6/systemworkbench/plugins/fr.ac6.mcu.externaltools.arm-none.win32_1.17.0.201812190825/tools/compiler/bin/../lib/gcc/arm-none-eabi/7.3.1/thumb/v7e-m/fpv4-sp/hard/crti.o
                0x08001a34                _init
 .init          0x08001a38        0x8 c:/ac6/systemworkbench/plugins/fr.ac6.mcu.externaltools.arm-none.win32_1.17.0.201812190825/tools/compiler/bin/../lib/gcc/arm-none-eabi/7.3.1/thumb/v7e-m/fpv4-sp/hard/crtn.o
 *(.fini)
 .fini          0x08001a40        0x4 c:/ac6/systemworkbench/plugins/fr.ac6.mcu.externaltools.arm-none.win32_1.17.0.201812190825/tools/compiler/bin/../lib/gcc/arm-none-eabi/7.3.1/thumb/v7e-m/fpv4-sp/hard/crti.o
                0x08001a40                _fini
 .fini          0x08001a44        0x8 c:/ac6/systemworkbench/plugins/fr.ac6.mcu.externaltools.arm-none.win32_1.17.0.201812190825/tools/compiler/bin/../lib/gcc/arm-none-eabi/7.3.1/thumb/v7e-m/fpv4-sp/hard/crtn.o
                0x08001a4c                . = ALIGN (0x4)
                0x08001a4c                _etext = .

.vfp11_veneer   0x08001a4c        0x0
 .vfp11_veneer  0x08001a4c        0x0 linker stubs

.v4_bx          0x08001a4c        0x0
 .v4_bx         0x08001a4c        0x0 linker stubs

.iplt           0x08001a4c        0x0
 .iplt          0x08001a4c        0x0 c:/ac6/systemworkbench/plugins/fr.ac6.mcu.externaltools.arm-none.win32_1.17.0.201812190825/tools/compiler/bin/../lib/gcc/arm-none-eabi/7.3.1/thumb/v7e-m/fpv4-sp/hard/crtbegin.o

.rodata         0x08001a4c      0x524
                0x08001a4c                . = ALIGN (0x4)
 *(.rodata)
 .rodata        0x08001a4c      0x4fb Core/Src/st7735.o
 *fill*         0x08001f47        0x1 
 .rodata        0x08001f48       0x18 Core/Src/system_stm32f4xx.o
                0x08001f48                AHBPrescTable
                0x08001f58                APBPrescTable
 *(.rodata*)
 .rodata.str1.4
                0x08001f60       0x10 Core/Src/main.o
                                  0xd (size before relaxing)
                0x08001f70                . = ALIGN (0x4)

.ARM.extab
 *(.ARM.extab* .gnu.linkonce.armextab.*)

.ARM            0x08001f70        0x8
                0x08001f70                __exidx_start = .
 *(.ARM.exidx*)
 .ARM.exidx     0x08001f70        0x8 c:/ac6/systemworkbench/plugins/fr.ac6.mcu.externaltools.arm-none.win32_1.17.0.201812190825/tools/compiler/bin/../lib/gcc/arm-none-eabi/7.3.1/thumb/v7e-m/fpv4-sp/hard\libgcc.a(_udivmoddi4.o)
                0x08001f78                __exidx_end = .

.rel.dyn        0x08001f78        0x0
 .rel.iplt      0x08001f78        0x0 c:/ac6/systemworkbench/plugins/fr.ac6.mcu.externaltools.arm-none.win32_1.17.0.201812190825/tools/compiler/bin/../lib/gcc/arm-none-eabi/7.3.1/thumb/v7e-m/fpv4-sp/hard/crtbegin.o

.preinit_array  0x08001f78        0x0
                0x08001f78                PROVIDE (__preinit_array_start = .)
 *(.preinit_array*)
                0x08001f78                PROVIDE (__preinit_array_end = .)

.init_array     0x08001f78        0x4
                0x08001f78                PROVIDE (__init_array_start = .)
 *(SORT_BY_NAME(.init_array.*))
 *(.init_array*)
 .init_array    0x08001f78        0x4 c:/ac6/systemworkbench/plugins/fr.ac6.mcu.externaltools.arm-none.win32_1.17.0.201812190825/tools/compiler/bin/../lib/gcc/arm-none-eabi/7.3.1/thumb/v7e-m/fpv4-sp/hard/crtbegin.o
                0x08001f7c                PROVIDE (__init_array_end = .)

.fini_array     0x08001f7c        0x4
                [!provide]                PROVIDE (__fini_array_start = .)
 *(SORT_BY_NAME(.fini_array.*))
 *(.fini_array*)
 .fini_array    0x08001f7c        0x4 c:/ac6/systemworkbench/plugins/fr.ac6.mcu.externaltools.arm-none.win32_1.17.0.201812190825/tools/compiler/bin/../lib/gcc/arm-none-eabi/7.3.1/thumb/v7e-m/fpv4-sp/hard/crtbegin.o
                [!provide]                PROVIDE (__fini_array_end = .)
                0x08001f80                _sidata = LOADADDR (.data)

.data           0x20000000        0xc load address 0x08001f80
                0x20000000                . = ALIGN (0x4)
                0x20000000                _sdata = .
 *(.data)
 .data          0x20000000        0x4 Core/Src/system_stm32f4xx.o
                0x20000000                SystemCoreClock
 .data          0x20000004        0x8 Drivers/STM32F4xx_HAL_Driver/Src/stm32f4xx_hal.o
                0x20000004                uwTickFreq
                0x20000008                uwTickPrio
 *(.data*)
                0x2000000c                . = ALIGN (0x4)
                0x2000000c                _edata = .

.igot.plt       0x2000000c        0x0 load address 0x08001f8c
 .igot.plt      0x2000000c        0x0 c:/ac6/systemworkbench/plugins/fr.ac6.mcu.externaltools.arm-none.win32_1.17.0.201812190825/tools/compiler/bin/../lib/gcc/arm-none-eabi/7.3.1/thumb/v7e-m/fpv4-sp/hard/crtbegin.o
                0x2000000c                . = ALIGN (0x4)

.bss            0x2000000c       0x78 load address 0x08001f8c
                0x2000000c                _sbss = .
                0x2000000c                __bss_start__ = _sbss
 *(.bss)
 .bss           0x2000000c       0x1c c:/ac6/systemworkbench/plugins/fr.ac6.mcu.externaltools.arm-none.win32_1.17.0.201812190825/tools/compiler/bin/../lib/gcc/arm-none-eabi/7.3.1/thumb/v7e-m/fpv4-sp/hard/crtbegin.o
 *(.bss*)
 *(COMMON)
 COMMON         0x20000028       0x58 Core/Src/spi.o
                0x20000028                hspi1
 COMMON         0x20000080        0x4 Drivers/STM32F4xx_HAL_Driver/Src/stm32f4xx_hal.o
                0x20000080                uwTick
                0x20000084                . = ALIGN (0x4)
                0x20000084                _ebss = .
                0x20000084                __bss_end__ = _ebss

._user_heap_stack
                0x20000084      0x604 load address 0x08001f8c
                0x20000088                . = ALIGN (0x8)
 *fill*         0x20000084        0x4 
                0x20000088                PROVIDE (end = .)
                [!provide]                PROVIDE (_end = .)
                0x20000288                . = (. + _Min_Heap_Size)
 *fill*         0x20000088      0x200 
                0x20000688                . = (. + _Min_Stack_Size)
 *fill*         0x20000288      0x400 
                0x20000688                . = ALIGN (0x8)

/DISCARD/
 libc.a(*)
 libm.a(*)
 libgcc.a(*)

.ARM.attributes
                0x00000000       0x30
 *(.ARM.attributes)
 .ARM.attributes
                0x00000000       0x22 c:/ac6/systemworkbench/plugins/fr.ac6.mcu.externaltools.arm-none.win32_1.17.0.201812190825/tools/compiler/bin/../lib/gcc/arm-none-eabi/7.3.1/thumb/v7e-m/fpv4-sp/hard/crti.o
 .ARM.attributes
                0x00000022       0x34 c:/ac6/systemworkbench/plugins/fr.ac6.mcu.externaltools.arm-none.win32_1.17.0.201812190825/tools/compiler/bin/../lib/gcc/arm-none-eabi/7.3.1/thumb/v7e-m/fpv4-sp/hard/crtbegin.o
 .ARM.attributes
                0x00000056       0x39 Core/Src/gpio.o
 .ARM.attributes
                0x0000008f       0x39 Core/Src/main.o
 .ARM.attributes
                0x000000c8       0x39 Core/Src/spi.o
 .ARM.attributes
                0x00000101       0x39 Core/Src/st7735.o
 .ARM.attributes
                0x0000013a       0x39 Core/Src/stm32f4xx_hal_msp.o
 .ARM.attributes
                0x00000173       0x39 Core/Src/stm32f4xx_it.o
 .ARM.attributes
                0x000001ac       0x39 Core/Src/system_stm32f4xx.o
 .ARM.attributes
                0x000001e5       0x39 Drivers/STM32F4xx_HAL_Driver/Src/stm32f4xx_hal.o
 .ARM.attributes
                0x0000021e       0x39 Drivers/STM32F4xx_HAL_Driver/Src/stm32f4xx_hal_cortex.o
 .ARM.attributes
                0x00000257       0x39 Drivers/STM32F4xx_HAL_Driver/Src/stm32f4xx_hal_gpio.o
 .ARM.attributes
                0x00000290       0x39 Drivers/STM32F4xx_HAL_Driver/Src/stm32f4xx_hal_rcc.o
 .ARM.attributes
                0x000002c9       0x39 Drivers/STM32F4xx_HAL_Driver/Src/stm32f4xx_hal_spi.o
 .ARM.attributes
                0x00000302       0x21 startup/startup_stm32f411xe.o
 .ARM.attributes
                0x00000323       0x22 c:/ac6/systemworkbench/plugins/fr.ac6.mcu.externaltools.arm-none.win32_1.17.0.201812190825/tools/compiler/bin/../lib/gcc/arm-none-eabi/7.3.1/thumb/v7e-m/fpv4-sp/hard\libgcc.a(_aeabi_uldivmod.o)
 .ARM.attributes
                0x00000345       0x34 c:/ac6/systemworkbench/plugins/fr.ac6.mcu.externaltools.arm-none.win32_1.17.0.201812190825/tools/compiler/bin/../lib/gcc/arm-none-eabi/7.3.1/thumb/v7e-m/fpv4-sp/hard\libgcc.a(_udivmoddi4.o)
 .ARM.attributes
                0x00000379       0x22 c:/ac6/systemworkbench/plugins/fr.ac6.mcu.externaltools.arm-none.win32_1.17.0.201812190825/tools/compiler/bin/../lib/gcc/arm-none-eabi/7.3.1/thumb/v7e-m/fpv4-sp/hard\libgcc.a(_dvmd_tls.o)
 .ARM.attributes
                0x0000039b       0x34 c:/ac6/systemworkbench/plugins/fr.ac6.mcu.externaltools.arm-none.win32_1.17.0.201812190825/tools/compiler/bin/../lib/gcc/arm-none-eabi/7.3.1/../../../../arm-none-eabi/lib/thumb/v7e-m/fpv4-sp/hard\libc_nano.a(lib_a-init.o)
 .ARM.attributes
                0x000003cf       0x34 c:/ac6/systemworkbench/plugins/fr.ac6.mcu.externaltools.arm-none.win32_1.17.0.201812190825/tools/compiler/bin/../lib/gcc/arm-none-eabi/7.3.1/../../../../arm-none-eabi/lib/thumb/v7e-m/fpv4-sp/hard\libc_nano.a(lib_a-memset.o)
 .ARM.attributes
                0x00000403       0x22 c:/ac6/systemworkbench/plugins/fr.ac6.mcu.externaltools.arm-none.win32_1.17.0.201812190825/tools/compiler/bin/../lib/gcc/arm-none-eabi/7.3.1/thumb/v7e-m/fpv4-sp/hard/crtn.o
OUTPUT(lcd2.elf elf32-littlearm)

.debug_info     0x00000000     0x9033
 .debug_info    0x00000000      0x4f3 Core/Src/gpio.o
 .debug_info    0x000004f3     0x1106 Core/Src/main.o
 .debug_info    0x000015f9      0xa63 Core/Src/spi.o
 .debug_info    0x0000205c     0x1cf5 Core/Src/st7735.o
 .debug_info    0x00003d51      0x3af Core/Src/stm32f4xx_hal_msp.o
 .debug_info    0x00004100      0x223 Core/Src/stm32f4xx_it.o
 .debug_info    0x00004323      0x583 Core/Src/system_stm32f4xx.o
 .debug_info    0x000048a6      0x980 Drivers/STM32F4xx_HAL_Driver/Src/stm32f4xx_hal.o
 .debug_info    0x00005226      0xefc Drivers/STM32F4xx_HAL_Driver/Src/stm32f4xx_hal_cortex.o
 .debug_info    0x00006122      0x7f2 Drivers/STM32F4xx_HAL_Driver/Src/stm32f4xx_hal_gpio.o
 .debug_info    0x00006914      0xab9 Drivers/STM32F4xx_HAL_Driver/Src/stm32f4xx_hal_rcc.o
 .debug_info    0x000073cd     0x1c44 Drivers/STM32F4xx_HAL_Driver/Src/stm32f4xx_hal_spi.o
 .debug_info    0x00009011       0x22 startup/startup_stm32f411xe.o

.debug_abbrev   0x00000000     0x170b
 .debug_abbrev  0x00000000      0x162 Core/Src/gpio.o
 .debug_abbrev  0x00000162      0x212 Core/Src/main.o
 .debug_abbrev  0x00000374      0x1c9 Core/Src/spi.o
 .debug_abbrev  0x0000053d      0x2a0 Core/Src/st7735.o
 .debug_abbrev  0x000007dd      0x12a Core/Src/stm32f4xx_hal_msp.o
 .debug_abbrev  0x00000907       0xe4 Core/Src/stm32f4xx_it.o
 .debug_abbrev  0x000009eb      0x12b Core/Src/system_stm32f4xx.o
 .debug_abbrev  0x00000b16      0x218 Drivers/STM32F4xx_HAL_Driver/Src/stm32f4xx_hal.o
 .debug_abbrev  0x00000d2e      0x328 Drivers/STM32F4xx_HAL_Driver/Src/stm32f4xx_hal_cortex.o
 .debug_abbrev  0x00001056      0x1e7 Drivers/STM32F4xx_HAL_Driver/Src/stm32f4xx_hal_gpio.o
 .debug_abbrev  0x0000123d      0x273 Drivers/STM32F4xx_HAL_Driver/Src/stm32f4xx_hal_rcc.o
 .debug_abbrev  0x000014b0      0x249 Drivers/STM32F4xx_HAL_Driver/Src/stm32f4xx_hal_spi.o
 .debug_abbrev  0x000016f9       0x12 startup/startup_stm32f411xe.o

.debug_aranges  0x00000000      0x650
 .debug_aranges
                0x00000000       0x20 Core/Src/gpio.o
 .debug_aranges
                0x00000020       0x30 Core/Src/main.o
 .debug_aranges
                0x00000050       0x30 Core/Src/spi.o
 .debug_aranges
                0x00000080       0xb8 Core/Src/st7735.o
 .debug_aranges
                0x00000138       0x20 Core/Src/stm32f4xx_hal_msp.o
 .debug_aranges
                0x00000158       0x60 Core/Src/stm32f4xx_it.o
 .debug_aranges
                0x000001b8       0x28 Core/Src/system_stm32f4xx.o
 .debug_aranges
                0x000001e0       0xf0 Drivers/STM32F4xx_HAL_Driver/Src/stm32f4xx_hal.o
 .debug_aranges
                0x000002d0       0xa8 Drivers/STM32F4xx_HAL_Driver/Src/stm32f4xx_hal_cortex.o
 .debug_aranges
                0x00000378       0x58 Drivers/STM32F4xx_HAL_Driver/Src/stm32f4xx_hal_gpio.o
 .debug_aranges
                0x000003d0       0x88 Drivers/STM32F4xx_HAL_Driver/Src/stm32f4xx_hal_rcc.o
 .debug_aranges
                0x00000458      0x1d0 Drivers/STM32F4xx_HAL_Driver/Src/stm32f4xx_hal_spi.o
 .debug_aranges
                0x00000628       0x28 startup/startup_stm32f411xe.o

.debug_ranges   0x00000000      0x600
 .debug_ranges  0x00000000       0x10 Core/Src/gpio.o
 .debug_ranges  0x00000010       0x20 Core/Src/main.o
 .debug_ranges  0x00000030       0x20 Core/Src/spi.o
 .debug_ranges  0x00000050       0xa8 Core/Src/st7735.o
 .debug_ranges  0x000000f8       0x10 Core/Src/stm32f4xx_hal_msp.o
 .debug_ranges  0x00000108       0x50 Core/Src/stm32f4xx_it.o
 .debug_ranges  0x00000158       0x18 Core/Src/system_stm32f4xx.o
 .debug_ranges  0x00000170       0xe0 Drivers/STM32F4xx_HAL_Driver/Src/stm32f4xx_hal.o
 .debug_ranges  0x00000250       0xf8 Drivers/STM32F4xx_HAL_Driver/Src/stm32f4xx_hal_cortex.o
 .debug_ranges  0x00000348       0x48 Drivers/STM32F4xx_HAL_Driver/Src/stm32f4xx_hal_gpio.o
 .debug_ranges  0x00000390       0x90 Drivers/STM32F4xx_HAL_Driver/Src/stm32f4xx_hal_rcc.o
 .debug_ranges  0x00000420      0x1c0 Drivers/STM32F4xx_HAL_Driver/Src/stm32f4xx_hal_spi.o
 .debug_ranges  0x000005e0       0x20 startup/startup_stm32f411xe.o

.debug_macro    0x00000000    0x140af
 .debug_macro   0x00000000      0x1d3 Core/Src/gpio.o
 .debug_macro   0x000001d3      0x295 Core/Src/gpio.o
 .debug_macro   0x00000468       0x2e Core/Src/gpio.o
 .debug_macro   0x00000496       0x28 Core/Src/gpio.o
 .debug_macro   0x000004be       0x1c Core/Src/gpio.o
 .debug_macro   0x000004da       0x22 Core/Src/gpio.o
 .debug_macro   0x000004fc       0xdf Core/Src/gpio.o
 .debug_macro   0x000005db     0x102d Core/Src/gpio.o
 .debug_macro   0x00001608      0x11f Core/Src/gpio.o
 .debug_macro   0x00001727     0xb953 Core/Src/gpio.o
 .debug_macro   0x0000d07a       0x6d Core/Src/gpio.o
 .debug_macro   0x0000d0e7     0x367e Core/Src/gpio.o
 .debug_macro   0x00010765      0x174 Core/Src/gpio.o
 .debug_macro   0x000108d9       0x5c Core/Src/gpio.o
 .debug_macro   0x00010935      0x447 Core/Src/gpio.o
 .debug_macro   0x00010d7c      0x9fe Core/Src/gpio.o
 .debug_macro   0x0001177a      0x115 Core/Src/gpio.o
 .debug_macro   0x0001188f      0x11b Core/Src/gpio.o
 .debug_macro   0x000119aa       0xa5 Core/Src/gpio.o
 .debug_macro   0x00011a4f      0x15f Core/Src/gpio.o
 .debug_macro   0x00011bae      0x287 Core/Src/gpio.o
 .debug_macro   0x00011e35       0x5f Core/Src/gpio.o
 .debug_macro   0x00011e94      0x236 Core/Src/gpio.o
 .debug_macro   0x000120ca      0x132 Core/Src/gpio.o
 .debug_macro   0x000121fc      0x264 Core/Src/gpio.o
 .debug_macro   0x00012460       0x2e Core/Src/gpio.o
 .debug_macro   0x0001248e      0x11a Core/Src/gpio.o
 .debug_macro   0x000125a8       0x85 Core/Src/gpio.o
 .debug_macro   0x0001262d       0x89 Core/Src/gpio.o
 .debug_macro   0x000126b6      0x225 Core/Src/gpio.o
 .debug_macro   0x000128db      0x126 Core/Src/gpio.o
 .debug_macro   0x00012a01       0x28 Core/Src/gpio.o
 .debug_macro   0x00012a29      0x20b Core/Src/main.o
 .debug_macro   0x00012c34       0x22 Core/Src/main.o
 .debug_macro   0x00012c56      0x1d2 Core/Src/main.o
 .debug_macro   0x00012e28      0x1d3 Core/Src/spi.o
 .debug_macro   0x00012ffb      0x1f5 Core/Src/st7735.o
 .debug_macro   0x000131f0       0x2e Core/Src/st7735.o
 .debug_macro   0x0001321e      0x1c9 Core/Src/stm32f4xx_hal_msp.o
 .debug_macro   0x000133e7      0x1d3 Core/Src/stm32f4xx_it.o
 .debug_macro   0x000135ba      0x1ba Core/Src/system_stm32f4xx.o
 .debug_macro   0x00013774      0x21a Drivers/STM32F4xx_HAL_Driver/Src/stm32f4xx_hal.o
 .debug_macro   0x0001398e      0x1ba Drivers/STM32F4xx_HAL_Driver/Src/stm32f4xx_hal_cortex.o
 .debug_macro   0x00013b48      0x1c0 Drivers/STM32F4xx_HAL_Driver/Src/stm32f4xx_hal_gpio.o
 .debug_macro   0x00013d08      0x1de Drivers/STM32F4xx_HAL_Driver/Src/stm32f4xx_hal_rcc.o
 .debug_macro   0x00013ee6      0x1c9 Drivers/STM32F4xx_HAL_Driver/Src/stm32f4xx_hal_spi.o

.debug_line     0x00000000     0x6b58
 .debug_line    0x00000000      0x6f2 Core/Src/gpio.o
 .debug_line    0x000006f2      0x768 Core/Src/main.o
 .debug_line    0x00000e5a      0x732 Core/Src/spi.o
 .debug_line    0x0000158c      0xa6f Core/Src/st7735.o
 .debug_line    0x00001ffb      0x6f0 Core/Src/stm32f4xx_hal_msp.o
 .debug_line    0x000026eb      0x77f Core/Src/stm32f4xx_it.o
 .debug_line    0x00002e6a      0x710 Core/Src/system_stm32f4xx.o
 .debug_line    0x0000357a      0x8ee Drivers/STM32F4xx_HAL_Driver/Src/stm32f4xx_hal.o
 .debug_line    0x00003e68      0x940 Drivers/STM32F4xx_HAL_Driver/Src/stm32f4xx_hal_cortex.o
 .debug_line    0x000047a8      0x84e Drivers/STM32F4xx_HAL_Driver/Src/stm32f4xx_hal_gpio.o
 .debug_line    0x00004ff6      0x97e Drivers/STM32F4xx_HAL_Driver/Src/stm32f4xx_hal_rcc.o
 .debug_line    0x00005974     0x1163 Drivers/STM32F4xx_HAL_Driver/Src/stm32f4xx_hal_spi.o
 .debug_line    0x00006ad7       0x81 startup/startup_stm32f411xe.o

.debug_str      0x00000000    0x818ad
 .debug_str     0x00000000    0x7f0e8 Core/Src/gpio.o
                              0x7f36b (size before relaxing)
 .debug_str     0x0007f0e8      0xddd Core/Src/main.o
                              0x800f9 (size before relaxing)
 .debug_str     0x0007fec5       0x5b Core/Src/spi.o
                              0x7f7e1 (size before relaxing)
 .debug_str     0x0007ff20      0x239 Core/Src/st7735.o
                              0x800a2 (size before relaxing)
 .debug_str     0x00080159       0x49 Core/Src/stm32f4xx_hal_msp.o
                              0x7f2cb (size before relaxing)
 .debug_str     0x000801a2       0xc9 Core/Src/stm32f4xx_it.o
                              0x7f236 (size before relaxing)
 .debug_str     0x0008026b       0xaf Core/Src/system_stm32f4xx.o
                              0x7f294 (size before relaxing)
 .debug_str     0x0008031a      0x918 Drivers/STM32F4xx_HAL_Driver/Src/stm32f4xx_hal.o
                              0x7fc63 (size before relaxing)
 .debug_str     0x00080c32      0x354 Drivers/STM32F4xx_HAL_Driver/Src/stm32f4xx_hal_cortex.o
                              0x7f9fb (size before relaxing)
 .debug_str     0x00080f86      0x12f Drivers/STM32F4xx_HAL_Driver/Src/stm32f4xx_hal_gpio.o
                              0x7f43b (size before relaxing)
 .debug_str     0x000810b5      0x233 Drivers/STM32F4xx_HAL_Driver/Src/stm32f4xx_hal_rcc.o
                              0x7f6bd (size before relaxing)
 .debug_str     0x000812e8      0x596 Drivers/STM32F4xx_HAL_Driver/Src/stm32f4xx_hal_spi.o
                              0x7fb62 (size before relaxing)
 .debug_str     0x0008187e       0x2f startup/startup_stm32f411xe.o
                                 0x71 (size before relaxing)

.comment        0x00000000       0x7f
 .comment       0x00000000       0x7f Core/Src/gpio.o
                                 0x80 (size before relaxing)
 .comment       0x0000007f       0x80 Core/Src/main.o
 .comment       0x0000007f       0x80 Core/Src/spi.o
 .comment       0x0000007f       0x80 Core/Src/st7735.o
 .comment       0x0000007f       0x80 Core/Src/stm32f4xx_hal_msp.o
 .comment       0x0000007f       0x80 Core/Src/stm32f4xx_it.o
 .comment       0x0000007f       0x80 Core/Src/system_stm32f4xx.o
 .comment       0x0000007f       0x80 Drivers/STM32F4xx_HAL_Driver/Src/stm32f4xx_hal.o
 .comment       0x0000007f       0x80 Drivers/STM32F4xx_HAL_Driver/Src/stm32f4xx_hal_cortex.o
 .comment       0x0000007f       0x80 Drivers/STM32F4xx_HAL_Driver/Src/stm32f4xx_hal_gpio.o
 .comment       0x0000007f       0x80 Drivers/STM32F4xx_HAL_Driver/Src/stm32f4xx_hal_rcc.o
 .comment       0x0000007f       0x80 Drivers/STM32F4xx_HAL_Driver/Src/stm32f4xx_hal_spi.o

.debug_frame    0x00000000     0x104c
 .debug_frame   0x00000000       0x30 Core/Src/gpio.o
 .debug_frame   0x00000030       0x58 Core/Src/main.o
 .debug_frame   0x00000088       0x60 Core/Src/spi.o
 .debug_frame   0x000000e8      0x270 Core/Src/st7735.o
 .debug_frame   0x00000358       0x2c Core/Src/stm32f4xx_hal_msp.o
 .debug_frame   0x00000384       0xa8 Core/Src/stm32f4xx_it.o
 .debug_frame   0x0000042c       0x30 Core/Src/system_stm32f4xx.o
 .debug_frame   0x0000045c      0x1ec Drivers/STM32F4xx_HAL_Driver/Src/stm32f4xx_hal.o
 .debug_frame   0x00000648      0x15c Drivers/STM32F4xx_HAL_Driver/Src/stm32f4xx_hal_cortex.o
 .debug_frame   0x000007a4       0xd8 Drivers/STM32F4xx_HAL_Driver/Src/stm32f4xx_hal_gpio.o
 .debug_frame   0x0000087c      0x184 Drivers/STM32F4xx_HAL_Driver/Src/stm32f4xx_hal_rcc.o
 .debug_frame   0x00000a00      0x5a0 Drivers/STM32F4xx_HAL_Driver/Src/stm32f4xx_hal_spi.o
 .debug_frame   0x00000fa0       0x2c c:/ac6/systemworkbench/plugins/fr.ac6.mcu.externaltools.arm-none.win32_1.17.0.201812190825/tools/compiler/bin/../lib/gcc/arm-none-eabi/7.3.1/thumb/v7e-m/fpv4-sp/hard\libgcc.a(_aeabi_uldivmod.o)
 .debug_frame   0x00000fcc       0x34 c:/ac6/systemworkbench/plugins/fr.ac6.mcu.externaltools.arm-none.win32_1.17.0.201812190825/tools/compiler/bin/../lib/gcc/arm-none-eabi/7.3.1/thumb/v7e-m/fpv4-sp/hard\libgcc.a(_udivmoddi4.o)
 .debug_frame   0x00001000       0x2c c:/ac6/systemworkbench/plugins/fr.ac6.mcu.externaltools.arm-none.win32_1.17.0.201812190825/tools/compiler/bin/../lib/gcc/arm-none-eabi/7.3.1/../../../../arm-none-eabi/lib/thumb/v7e-m/fpv4-sp/hard\libc_nano.a(lib_a-init.o)
 .debug_frame   0x0000102c       0x20 c:/ac6/systemworkbench/plugins/fr.ac6.mcu.externaltools.arm-none.win32_1.17.0.201812190825/tools/compiler/bin/../lib/gcc/arm-none-eabi/7.3.1/../../../../arm-none-eabi/lib/thumb/v7e-m/fpv4-sp/hard\libc_nano.a(lib_a-memset.o)

.debug_loc      0x00000000     0x35cc
 .debug_loc     0x00000000       0x74 Core/Src/spi.o
 .debug_loc     0x00000074      0xa29 Core/Src/st7735.o
 .debug_loc     0x00000a9d      0x13e Core/Src/system_stm32f4xx.o
 .debug_loc     0x00000bdb      0x11b Drivers/STM32F4xx_HAL_Driver/Src/stm32f4xx_hal.o
 .debug_loc     0x00000cf6      0x5ce Drivers/STM32F4xx_HAL_Driver/Src/stm32f4xx_hal_cortex.o
 .debug_loc     0x000012c4      0x475 Drivers/STM32F4xx_HAL_Driver/Src/stm32f4xx_hal_gpio.o
 .debug_loc     0x00001739      0x40f Drivers/STM32F4xx_HAL_Driver/Src/stm32f4xx_hal_rcc.o
 .debug_loc     0x00001b48     0x1a84 Drivers/STM32F4xx_HAL_Driver/Src/stm32f4xx_hal_spi.o
